D:\dev\projects\zonds\zonds\packages\ui\src\atoms\Badge\Badge.style.ts: line 11, col 28, Error - Unsafe return of an `any` typed value. (@typescript-eslint/no-unsafe-return)
D:\dev\projects\zonds\zonds\packages\ui\src\atoms\Badge\Badge.style.ts: line 11, col 59, Error - Unsafe argument of type `any` assigned to a parameter of type `{ theme: Theme; }`. (@typescript-eslint/no-unsafe-argument)
D:\dev\projects\zonds\zonds\packages\ui\src\atoms\Badge\Badge.style.ts: line 11, col 64, Warning - Unexpected any. Specify a different type. (@typescript-eslint/no-explicit-any)
D:\dev\projects\zonds\zonds\packages\ui\src\atoms\Badge\Badge.style.ts: line 11, col 88, Error - Unsafe argument of type `any` assigned to a parameter of type `{ theme: Theme; }`. (@typescript-eslint/no-unsafe-argument)
D:\dev\projects\zonds\zonds\packages\ui\src\atoms\Badge\Badge.style.ts: line 11, col 93, Warning - Unexpected any. Specify a different type. (@typescript-eslint/no-explicit-any)
D:\dev\projects\zonds\zonds\packages\ui\src\atoms\Badge\Badge.style.ts: line 22, col 24, Error - Invalid type "(p: { theme: Theme; }) => any" of template literal expression. (@typescript-eslint/restrict-template-expressions)
D:\dev\projects\zonds\zonds\packages\ui\src\atoms\Badge\Badge.style.ts: line 28, col 24, Error - Invalid type "(p: { theme: Theme; }) => any" of template literal expression. (@typescript-eslint/restrict-template-expressions)
D:\dev\projects\zonds\zonds\packages\ui\src\atoms\Badge\Badge.style.ts: line 34, col 24, Error - Invalid type "(p: { theme: Theme; }) => any" of template literal expression. (@typescript-eslint/restrict-template-expressions)
D:\dev\projects\zonds\zonds\packages\ui\src\atoms\Card\Card.style.ts: line 5, col 28, Error - 'CardProps' is defined but never used. Allowed unused vars must match /^_/u. (@typescript-eslint/no-unused-vars)
D:\dev\projects\zonds\zonds\packages\ui\src\atoms\Card\Card.style.ts: line 25, col 49, Error - Unsafe argument of type `any` assigned to a parameter of type `{ theme: Theme; }`. (@typescript-eslint/no-unsafe-argument)
D:\dev\projects\zonds\zonds\packages\ui\src\atoms\Card\Card.style.ts: line 25, col 58, Warning - Unexpected any. Specify a different type. (@typescript-eslint/no-explicit-any)
D:\dev\projects\zonds\zonds\packages\ui\src\atoms\Card\Card.style.ts: line 33, col 45, Error - Unsafe argument of type `any` assigned to a parameter of type `{ theme: Theme; }`. (@typescript-eslint/no-unsafe-argument)
D:\dev\projects\zonds\zonds\packages\ui\src\atoms\Card\Card.style.ts: line 33, col 54, Warning - Unexpected any. Specify a different type. (@typescript-eslint/no-explicit-any)
D:\dev\projects\zonds\zonds\packages\ui\src\atoms\Card\Card.style.ts: line 39, col 45, Error - Unsafe argument of type `any` assigned to a parameter of type `{ theme: Theme; }`. (@typescript-eslint/no-unsafe-argument)
D:\dev\projects\zonds\zonds\packages\ui\src\atoms\Card\Card.style.ts: line 39, col 54, Warning - Unexpected any. Specify a different type. (@typescript-eslint/no-explicit-any)
D:\dev\projects\zonds\zonds\packages\ui\src\atoms\Card\Card.style.ts: line 49, col 43, Error - Unsafe argument of type `any` assigned to a parameter of type `{ theme: Theme; }`. (@typescript-eslint/no-unsafe-argument)
D:\dev\projects\zonds\zonds\packages\ui\src\atoms\Card\Card.style.ts: line 49, col 52, Warning - Unexpected any. Specify a different type. (@typescript-eslint/no-explicit-any)
D:\dev\projects\zonds\zonds\packages\ui\src\atoms\Card\Card.style.ts: line 60, col 46, Error - Unsafe argument of type `any` assigned to a parameter of type `{ theme: Theme; }`. (@typescript-eslint/no-unsafe-argument)
D:\dev\projects\zonds\zonds\packages\ui\src\atoms\Card\Card.style.ts: line 60, col 55, Warning - Unexpected any. Specify a different type. (@typescript-eslint/no-explicit-any)
D:\dev\projects\zonds\zonds\packages\ui\src\atoms\Card\Card.style.ts: line 62, col 46, Error - Unsafe argument of type `any` assigned to a parameter of type `{ theme: Theme; }`. (@typescript-eslint/no-unsafe-argument)
D:\dev\projects\zonds\zonds\packages\ui\src\atoms\Card\Card.style.ts: line 62, col 55, Warning - Unexpected any. Specify a different type. (@typescript-eslint/no-explicit-any)
D:\dev\projects\zonds\zonds\packages\ui\src\atoms\Card\Card.style.ts: line 64, col 46, Error - Unsafe argument of type `any` assigned to a parameter of type `{ theme: Theme; }`. (@typescript-eslint/no-unsafe-argument)
D:\dev\projects\zonds\zonds\packages\ui\src\atoms\Card\Card.style.ts: line 64, col 55, Warning - Unexpected any. Specify a different type. (@typescript-eslint/no-explicit-any)
D:\dev\projects\zonds\zonds\packages\ui\src\atoms\Card\Card.style.ts: line 77, col 39, Error - Unsafe argument of type `any` assigned to a parameter of type `{ theme: Theme; }`. (@typescript-eslint/no-unsafe-argument)
D:\dev\projects\zonds\zonds\packages\ui\src\atoms\Card\Card.style.ts: line 77, col 48, Warning - Unexpected any. Specify a different type. (@typescript-eslint/no-explicit-any)
D:\dev\projects\zonds\zonds\packages\ui\src\atoms\Card\Card.style.ts: line 198, col 20, Error - Unsafe return of an `any` typed value. (@typescript-eslint/no-unsafe-return)
D:\dev\projects\zonds\zonds\packages\ui\src\atoms\Card\Card.style.ts: line 198, col 58, Error - Unsafe argument of type `any` assigned to a parameter of type `{ theme: Theme; }`. (@typescript-eslint/no-unsafe-argument)
D:\dev\projects\zonds\zonds\packages\ui\src\atoms\Card\Card.style.ts: line 198, col 67, Warning - Unexpected any. Specify a different type. (@typescript-eslint/no-explicit-any)
D:\dev\projects\zonds\zonds\packages\ui\src\atoms\Card\Card.style.ts: line 199, col 22, Error - Unsafe return of an `any` typed value. (@typescript-eslint/no-unsafe-return)
D:\dev\projects\zonds\zonds\packages\ui\src\atoms\Card\Card.style.ts: line 199, col 58, Error - Unsafe argument of type `any` assigned to a parameter of type `{ theme: Theme; }`. (@typescript-eslint/no-unsafe-argument)
D:\dev\projects\zonds\zonds\packages\ui\src\atoms\Card\Card.style.ts: line 199, col 67, Warning - Unexpected any. Specify a different type. (@typescript-eslint/no-explicit-any)
D:\dev\projects\zonds\zonds\packages\ui\src\atoms\Card\Card.style.ts: line 200, col 18, Error - Unsafe return of an `any` typed value. (@typescript-eslint/no-unsafe-return)
D:\dev\projects\zonds\zonds\packages\ui\src\atoms\Card\Card.style.ts: line 200, col 53, Error - Unsafe argument of type `any` assigned to a parameter of type `{ theme: Theme; }`. (@typescript-eslint/no-unsafe-argument)
D:\dev\projects\zonds\zonds\packages\ui\src\atoms\Card\Card.style.ts: line 200, col 62, Warning - Unexpected any. Specify a different type. (@typescript-eslint/no-explicit-any)
D:\dev\projects\zonds\zonds\packages\ui\src\atoms\Card\Card.style.ts: line 206, col 26, Warning - Unexpected any. Specify a different type. (@typescript-eslint/no-explicit-any)
D:\dev\projects\zonds\zonds\packages\ui\src\atoms\Card\Card.style.ts: line 206, col 34, Error - Unsafe return of an `any` typed value. (@typescript-eslint/no-unsafe-return)
D:\dev\projects\zonds\zonds\packages\ui\src\atoms\Card\Card.style.ts: line 206, col 40, Error - Unsafe member access .theme on an `any` value. (@typescript-eslint/no-unsafe-member-access)
D:\dev\projects\zonds\zonds\packages\ui\src\atoms\Dropdown\Dropdown.component.tsx: line 34, col 9, Error - Unsafe assignment of an `any` value. (@typescript-eslint/no-unsafe-assignment)
D:\dev\projects\zonds\zonds\packages\ui\src\atoms\Dropdown\Dropdown.component.tsx: line 35, col 8, Error - Unsafe call of an `any` typed value. (@typescript-eslint/no-unsafe-call)
D:\dev\projects\zonds\zonds\packages\ui\src\atoms\Dropdown\Dropdown.component.tsx: line 35, col 19, Warning - Unexpected any. Specify a different type. (@typescript-eslint/no-explicit-any)
D:\dev\projects\zonds\zonds\packages\ui\src\atoms\IconButton\IconButton.style.ts: line 42, col 27, Error - Invalid type "(p: { theme: Theme; }) => any" of template literal expression. (@typescript-eslint/restrict-template-expressions)
D:\dev\projects\zonds\zonds\packages\ui\src\atoms\IconButton\IconButton.style.ts: line 44, col 27, Error - Invalid type "(p: { theme: Theme; }) => any" of template literal expression. (@typescript-eslint/restrict-template-expressions)
D:\dev\projects\zonds\zonds\packages\ui\src\atoms\IconButton\IconButton.style.ts: line 45, col 29, Error - Invalid type "(p: { theme: Theme; }) => any" of template literal expression. (@typescript-eslint/restrict-template-expressions)
D:\dev\projects\zonds\zonds\packages\ui\src\atoms\IconButton\IconButton.style.ts: line 50, col 25, Error - Invalid type "(p: { theme: Theme; }) => any" of template literal expression. (@typescript-eslint/restrict-template-expressions)
D:\dev\projects\zonds\zonds\packages\ui\src\atoms\IconButton\IconButton.style.ts: line 51, col 25, Error - Invalid type "(p: { theme: Theme; }) => any" of template literal expression. (@typescript-eslint/restrict-template-expressions)
D:\dev\projects\zonds\zonds\packages\ui\src\atoms\IconButton\IconButton.style.ts: line 52, col 27, Error - Invalid type "(p: { theme: Theme; }) => any" of template literal expression. (@typescript-eslint/restrict-template-expressions)
D:\dev\projects\zonds\zonds\packages\ui\src\atoms\IconButton\IconButton.style.ts: line 54, col 27, Error - Invalid type "(p: { theme: Theme; }) => any" of template literal expression. (@typescript-eslint/restrict-template-expressions)
D:\dev\projects\zonds\zonds\packages\ui\src\atoms\IconButton\IconButton.style.ts: line 55, col 27, Error - Invalid type "(p: { theme: Theme; }) => any" of template literal expression. (@typescript-eslint/restrict-template-expressions)
D:\dev\projects\zonds\zonds\packages\ui\src\atoms\IconButton\IconButton.style.ts: line 62, col 27, Error - Invalid type "(p: { theme: Theme; }) => any" of template literal expression. (@typescript-eslint/restrict-template-expressions)
D:\dev\projects\zonds\zonds\packages\ui\src\atoms\Icon\Icon.component.tsx: line 24, col 9, Error - Unsafe assignment of an `any` value. (@typescript-eslint/no-unsafe-assignment)
D:\dev\projects\zonds\zonds\packages\ui\src\atoms\Icon\Icon.component.tsx: line 24, col 31, Warning - Unexpected any. Specify a different type. (@typescript-eslint/no-explicit-any)
D:\dev\projects\zonds\zonds\packages\ui\src\atoms\Icon\Icon.component.tsx: line 37, col 15, Error - Unsafe member access .colors on an `any` value. (@typescript-eslint/no-unsafe-member-access)
D:\dev\projects\zonds\zonds\packages\ui\src\atoms\Icon\Icon.component.tsx: line 37, col 31, Error - Unsafe member access .colors on an `any` value. (@typescript-eslint/no-unsafe-member-access)
D:\dev\projects\zonds\zonds\packages\ui\src\atoms\Icon\Icon.component.tsx: line 37, col 52, Error - Unsafe member access .colors on an `any` value. (@typescript-eslint/no-unsafe-member-access)
D:\dev\projects\zonds\zonds\packages\ui\src\atoms\Icon\Icon.component.tsx: line 38, col 7, Error - Unsafe assignment of an `any` value. (@typescript-eslint/no-unsafe-assignment)
D:\dev\projects\zonds\zonds\packages\ui\src\atoms\Icon\Icon.component.tsx: line 38, col 29, Error - Unsafe member access .colors on an `any` value. (@typescript-eslint/no-unsafe-member-access)
D:\dev\projects\zonds\zonds\packages\ui\src\atoms\Icon\Icon.component.tsx: line 40, col 43, Error - Unsafe member access .colors on an `any` value. (@typescript-eslint/no-unsafe-member-access)
D:\dev\projects\zonds\zonds\packages\ui\src\atoms\Icon\Icon.component.tsx: line 41, col 5, Error - Unsafe assignment of an `any` value. (@typescript-eslint/no-unsafe-assignment)
D:\dev\projects\zonds\zonds\packages\ui\src\atoms\Icon\Icon.component.tsx: line 41, col 27, Error - Unsafe member access .colors on an `any` value. (@typescript-eslint/no-unsafe-member-access)
D:\dev\projects\zonds\zonds\packages\ui\src\atoms\Icon\icons\index.tsx: line 9, col 1, Error - There should be no empty line within import group (import/order)
D:\dev\projects\zonds\zonds\packages\ui\src\atoms\Icon\icons\index.tsx: line 9, col 1, Error - `react` import should occur after import of `lucide-react` (import/order)
D:\dev\projects\zonds\zonds\packages\ui\src\atoms\Icon\icons\index.tsx: line 11, col 1, Error - 'lucide-react' import is duplicated. (no-duplicate-imports)
D:\dev\projects\zonds\zonds\packages\ui\src\atoms\Icon\icons\index.tsx: line 12, col 27, Error - 'Zap' is defined but never used. Allowed unused vars must match /^_/u. (@typescript-eslint/no-unused-vars)
D:\dev\projects\zonds\zonds\packages\ui\src\atoms\Icon\icons\index.tsx: line 13, col 74, Error - 'User' is defined but never used. Allowed unused vars must match /^_/u. (@typescript-eslint/no-unused-vars)
D:\dev\projects\zonds\zonds\packages\ui\src\atoms\Icon\icons\index.tsx: line 14, col 16, Error - 'DollarSign' is defined but never used. Allowed unused vars must match /^_/u. (@typescript-eslint/no-unused-vars)
D:\dev\projects\zonds\zonds\packages\ui\src\atoms\Icon\icons\index.tsx: line 25, col 1, Error - `./zorro` import should occur after import of `./ebay` (import/order)
D:\dev\projects\zonds\zonds\packages\ui\src\atoms\Icon\icons\index.tsx: line 33, col 3, Error - Component definition is missing display name (react/display-name)
D:\dev\projects\zonds\zonds\packages\ui\src\atoms\Icon\icons\index.tsx: line 196, col 3, Error - Unsafe assignment of an `any` value. (@typescript-eslint/no-unsafe-assignment)
D:\dev\projects\zonds\zonds\packages\ui\src\atoms\Icon\icons\index.tsx: line 196, col 22, Warning - Unexpected any. Specify a different type. (@typescript-eslint/no-explicit-any)
D:\dev\projects\zonds\zonds\packages\ui\src\atoms\Icon\icons\index.tsx: line 197, col 3, Error - Unsafe assignment of an `any` value. (@typescript-eslint/no-unsafe-assignment)
D:\dev\projects\zonds\zonds\packages\ui\src\atoms\Icon\icons\index.tsx: line 197, col 23, Warning - Unexpected any. Specify a different type. (@typescript-eslint/no-explicit-any)
D:\dev\projects\zonds\zonds\packages\ui\src\atoms\Icon\icons\index.tsx: line 198, col 3, Error - Unsafe assignment of an `any` value. (@typescript-eslint/no-unsafe-assignment)
D:\dev\projects\zonds\zonds\packages\ui\src\atoms\Icon\icons\index.tsx: line 198, col 25, Warning - Unexpected any. Specify a different type. (@typescript-eslint/no-explicit-any)
D:\dev\projects\zonds\zonds\packages\ui\src\atoms\Icon\icons\index.tsx: line 199, col 3, Error - Unsafe assignment of an `any` value. (@typescript-eslint/no-unsafe-assignment)
D:\dev\projects\zonds\zonds\packages\ui\src\atoms\Icon\icons\index.tsx: line 199, col 21, Warning - Unexpected any. Specify a different type. (@typescript-eslint/no-explicit-any)
D:\dev\projects\zonds\zonds\packages\ui\src\atoms\Modal\Modal.style.ts: line 76, col 39, Error - Invalid type "(p: { theme: Theme; }) => any" of template literal expression. (@typescript-eslint/restrict-template-expressions)
D:\dev\projects\zonds\zonds\packages\ui\src\atoms\Modal\Modal.style.ts: line 91, col 39, Error - Invalid type "(p: { theme: Theme; }) => any" of template literal expression. (@typescript-eslint/restrict-template-expressions)
D:\dev\projects\zonds\zonds\packages\ui\src\atoms\ProgressBar\ProgressBar.style.ts: line 49, col 62, Error - Unsafe argument of type `any` assigned to a parameter of type `{ theme: Theme; }`. (@typescript-eslint/no-unsafe-argument)
D:\dev\projects\zonds\zonds\packages\ui\src\atoms\ProgressBar\ProgressBar.style.ts: line 49, col 71, Warning - Unexpected any. Specify a different type. (@typescript-eslint/no-explicit-any)
D:\dev\projects\zonds\zonds\packages\ui\src\atoms\ProgressBar\ProgressBar.style.ts: line 51, col 62, Error - Unsafe argument of type `any` assigned to a parameter of type `{ theme: Theme; }`. (@typescript-eslint/no-unsafe-argument)
D:\dev\projects\zonds\zonds\packages\ui\src\atoms\ProgressBar\ProgressBar.style.ts: line 51, col 71, Warning - Unexpected any. Specify a different type. (@typescript-eslint/no-explicit-any)
D:\dev\projects\zonds\zonds\packages\ui\src\atoms\ProgressBar\ProgressBar.style.ts: line 53, col 60, Error - Unsafe argument of type `any` assigned to a parameter of type `{ theme: Theme; }`. (@typescript-eslint/no-unsafe-argument)
D:\dev\projects\zonds\zonds\packages\ui\src\atoms\ProgressBar\ProgressBar.style.ts: line 53, col 69, Warning - Unexpected any. Specify a different type. (@typescript-eslint/no-explicit-any)
D:\dev\projects\zonds\zonds\packages\ui\src\atoms\ProgressBar\ProgressBar.style.ts: line 56, col 59, Error - Unsafe argument of type `any` assigned to a parameter of type `{ theme: Theme; }`. (@typescript-eslint/no-unsafe-argument)
D:\dev\projects\zonds\zonds\packages\ui\src\atoms\ProgressBar\ProgressBar.style.ts: line 56, col 68, Warning - Unexpected any. Specify a different type. (@typescript-eslint/no-explicit-any)
D:\dev\projects\zonds\zonds\packages\ui\src\atoms\Text\Text.style.ts: line 17, col 20, Warning - Unexpected any. Specify a different type. (@typescript-eslint/no-explicit-any)
D:\dev\projects\zonds\zonds\packages\ui\src\atoms\Text\Text.style.ts: line 18, col 26, Error - Unsafe member access .typography on an `any` value. (@typescript-eslint/no-unsafe-member-access)
D:\dev\projects\zonds\zonds\packages\ui\src\atoms\Text\Text.style.ts: line 21, col 26, Error - Unsafe member access .typography on an `any` value. (@typescript-eslint/no-unsafe-member-access)
D:\dev\projects\zonds\zonds\packages\ui\src\atoms\Text\Text.style.ts: line 24, col 15, Warning - Unexpected any. Specify a different type. (@typescript-eslint/no-explicit-any)
D:\dev\projects\zonds\zonds\packages\ui\src\atoms\Text\Text.style.ts: line 25, col 26, Error - Unsafe member access .typography on an `any` value. (@typescript-eslint/no-unsafe-member-access)
D:\dev\projects\zonds\zonds\packages\ui\src\atoms\Text\Text.style.ts: line 28, col 26, Error - Unsafe member access .typography on an `any` value. (@typescript-eslint/no-unsafe-member-access)
D:\dev\projects\zonds\zonds\packages\ui\src\atoms\Text\Text.style.ts: line 31, col 15, Warning - Unexpected any. Specify a different type. (@typescript-eslint/no-explicit-any)
D:\dev\projects\zonds\zonds\packages\ui\src\atoms\Text\Text.style.ts: line 32, col 26, Error - Unsafe member access .typography on an `any` value. (@typescript-eslint/no-unsafe-member-access)
D:\dev\projects\zonds\zonds\packages\ui\src\atoms\Text\Text.style.ts: line 35, col 26, Error - Unsafe member access .typography on an `any` value. (@typescript-eslint/no-unsafe-member-access)
D:\dev\projects\zonds\zonds\packages\ui\src\atoms\Text\Text.style.ts: line 38, col 15, Warning - Unexpected any. Specify a different type. (@typescript-eslint/no-explicit-any)
D:\dev\projects\zonds\zonds\packages\ui\src\atoms\Text\Text.style.ts: line 39, col 26, Error - Unsafe member access .typography on an `any` value. (@typescript-eslint/no-unsafe-member-access)
D:\dev\projects\zonds\zonds\packages\ui\src\atoms\Text\Text.style.ts: line 42, col 26, Error - Unsafe member access .typography on an `any` value. (@typescript-eslint/no-unsafe-member-access)
D:\dev\projects\zonds\zonds\packages\ui\src\atoms\Text\Text.style.ts: line 45, col 15, Warning - Unexpected any. Specify a different type. (@typescript-eslint/no-explicit-any)
D:\dev\projects\zonds\zonds\packages\ui\src\atoms\Text\Text.style.ts: line 46, col 26, Error - Unsafe member access .typography on an `any` value. (@typescript-eslint/no-unsafe-member-access)
D:\dev\projects\zonds\zonds\packages\ui\src\atoms\Text\Text.style.ts: line 49, col 26, Error - Unsafe member access .typography on an `any` value. (@typescript-eslint/no-unsafe-member-access)
D:\dev\projects\zonds\zonds\packages\ui\src\atoms\Text\Text.style.ts: line 52, col 15, Warning - Unexpected any. Specify a different type. (@typescript-eslint/no-explicit-any)
D:\dev\projects\zonds\zonds\packages\ui\src\atoms\Text\Text.style.ts: line 53, col 26, Error - Unsafe member access .typography on an `any` value. (@typescript-eslint/no-unsafe-member-access)
D:\dev\projects\zonds\zonds\packages\ui\src\atoms\Text\Text.style.ts: line 56, col 26, Error - Unsafe member access .typography on an `any` value. (@typescript-eslint/no-unsafe-member-access)
D:\dev\projects\zonds\zonds\packages\ui\src\atoms\Text\Text.style.ts: line 60, col 17, Warning - Unexpected any. Specify a different type. (@typescript-eslint/no-explicit-any)
D:\dev\projects\zonds\zonds\packages\ui\src\atoms\Text\Text.style.ts: line 61, col 26, Error - Unsafe member access .typography on an `any` value. (@typescript-eslint/no-unsafe-member-access)
D:\dev\projects\zonds\zonds\packages\ui\src\atoms\Text\Text.style.ts: line 64, col 26, Error - Unsafe member access .typography on an `any` value. (@typescript-eslint/no-unsafe-member-access)
D:\dev\projects\zonds\zonds\packages\ui\src\atoms\Text\Text.style.ts: line 67, col 22, Warning - Unexpected any. Specify a different type. (@typescript-eslint/no-explicit-any)
D:\dev\projects\zonds\zonds\packages\ui\src\atoms\Text\Text.style.ts: line 68, col 26, Error - Unsafe member access .typography on an `any` value. (@typescript-eslint/no-unsafe-member-access)
D:\dev\projects\zonds\zonds\packages\ui\src\atoms\Text\Text.style.ts: line 71, col 26, Error - Unsafe member access .typography on an `any` value. (@typescript-eslint/no-unsafe-member-access)
D:\dev\projects\zonds\zonds\packages\ui\src\atoms\Text\Text.style.ts: line 74, col 22, Warning - Unexpected any. Specify a different type. (@typescript-eslint/no-explicit-any)
D:\dev\projects\zonds\zonds\packages\ui\src\atoms\Text\Text.style.ts: line 75, col 26, Error - Unsafe member access .typography on an `any` value. (@typescript-eslint/no-unsafe-member-access)
D:\dev\projects\zonds\zonds\packages\ui\src\atoms\Text\Text.style.ts: line 78, col 26, Error - Unsafe member access .typography on an `any` value. (@typescript-eslint/no-unsafe-member-access)
D:\dev\projects\zonds\zonds\packages\ui\src\atoms\Text\Text.style.ts: line 81, col 20, Warning - Unexpected any. Specify a different type. (@typescript-eslint/no-explicit-any)
D:\dev\projects\zonds\zonds\packages\ui\src\atoms\Text\Text.style.ts: line 82, col 26, Error - Unsafe member access .typography on an `any` value. (@typescript-eslint/no-unsafe-member-access)
D:\dev\projects\zonds\zonds\packages\ui\src\atoms\Text\Text.style.ts: line 85, col 26, Error - Unsafe member access .typography on an `any` value. (@typescript-eslint/no-unsafe-member-access)
D:\dev\projects\zonds\zonds\packages\ui\src\atoms\Text\Text.style.ts: line 88, col 21, Warning - Unexpected any. Specify a different type. (@typescript-eslint/no-explicit-any)
D:\dev\projects\zonds\zonds\packages\ui\src\atoms\Text\Text.style.ts: line 89, col 26, Error - Unsafe member access .typography on an `any` value. (@typescript-eslint/no-unsafe-member-access)
D:\dev\projects\zonds\zonds\packages\ui\src\atoms\Text\Text.style.ts: line 92, col 29, Error - Unsafe member access .typography on an `any` value. (@typescript-eslint/no-unsafe-member-access)
D:\dev\projects\zonds\zonds\packages\ui\src\atoms\Text\Text.style.ts: line 93, col 26, Error - Unsafe member access .typography on an `any` value. (@typescript-eslint/no-unsafe-member-access)
D:\dev\projects\zonds\zonds\packages\ui\src\atoms\Text\Text.style.ts: line 95, col 17, Warning - Unexpected any. Specify a different type. (@typescript-eslint/no-explicit-any)
D:\dev\projects\zonds\zonds\packages\ui\src\atoms\Text\Text.style.ts: line 96, col 26, Error - Unsafe member access .typography on an `any` value. (@typescript-eslint/no-unsafe-member-access)
D:\dev\projects\zonds\zonds\packages\ui\src\atoms\Text\Text.style.ts: line 97, col 24, Error - Unsafe member access .typography on an `any` value. (@typescript-eslint/no-unsafe-member-access)
D:\dev\projects\zonds\zonds\packages\ui\src\atoms\Text\Text.style.ts: line 98, col 26, Error - Unsafe member access .typography on an `any` value. (@typescript-eslint/no-unsafe-member-access)
D:\dev\projects\zonds\zonds\packages\ui\src\atoms\Text\Text.style.ts: line 100, col 16, Warning - Unexpected any. Specify a different type. (@typescript-eslint/no-explicit-any)
D:\dev\projects\zonds\zonds\packages\ui\src\atoms\Text\Text.style.ts: line 101, col 26, Error - Unsafe member access .typography on an `any` value. (@typescript-eslint/no-unsafe-member-access)
D:\dev\projects\zonds\zonds\packages\ui\src\atoms\Text\Text.style.ts: line 103, col 26, Error - Unsafe member access .typography on an `any` value. (@typescript-eslint/no-unsafe-member-access)
D:\dev\projects\zonds\zonds\packages\ui\src\atoms\Text\Text.style.ts: line 109, col 20, Warning - Unexpected any. Specify a different type. (@typescript-eslint/no-explicit-any)
D:\dev\projects\zonds\zonds\packages\ui\src\atoms\Text\Text.style.ts: line 110, col 26, Error - Unsafe member access .typography on an `any` value. (@typescript-eslint/no-unsafe-member-access)
D:\dev\projects\zonds\zonds\packages\ui\src\atoms\Text\Text.style.ts: line 112, col 19, Warning - Unexpected any. Specify a different type. (@typescript-eslint/no-explicit-any)
D:\dev\projects\zonds\zonds\packages\ui\src\atoms\Text\Text.style.ts: line 113, col 26, Error - Unsafe member access .typography on an `any` value. (@typescript-eslint/no-unsafe-member-access)
D:\dev\projects\zonds\zonds\packages\ui\src\atoms\Text\Text.style.ts: line 115, col 21, Warning - Unexpected any. Specify a different type. (@typescript-eslint/no-explicit-any)
D:\dev\projects\zonds\zonds\packages\ui\src\atoms\Text\Text.style.ts: line 116, col 26, Error - Unsafe member access .typography on an `any` value. (@typescript-eslint/no-unsafe-member-access)
D:\dev\projects\zonds\zonds\packages\ui\src\atoms\Text\Text.style.ts: line 118, col 17, Warning - Unexpected any. Specify a different type. (@typescript-eslint/no-explicit-any)
D:\dev\projects\zonds\zonds\packages\ui\src\atoms\Text\Text.style.ts: line 119, col 26, Error - Unsafe member access .typography on an `any` value. (@typescript-eslint/no-unsafe-member-access)
D:\dev\projects\zonds\zonds\packages\ui\src\atoms\Text\Text.style.ts: line 128, col 9, Error - Unsafe return of an `any` typed value. (@typescript-eslint/no-unsafe-return)
D:\dev\projects\zonds\zonds\packages\ui\src\atoms\Text\Text.style.ts: line 128, col 28, Warning - Unexpected any. Specify a different type. (@typescript-eslint/no-explicit-any)
D:\dev\projects\zonds\zonds\packages\ui\src\atoms\Text\Text.style.ts: line 128, col 33, Error - Unsafe member access .colors on an `any` value. (@typescript-eslint/no-unsafe-member-access)
D:\dev\projects\zonds\zonds\packages\ui\src\atoms\Text\Text.style.ts: line 132, col 5, Error - Unsafe return of an `any` typed value. (@typescript-eslint/no-unsafe-return)
D:\dev\projects\zonds\zonds\packages\ui\src\atoms\Text\Text.style.ts: line 132, col 35, Warning - Unexpected any. Specify a different type. (@typescript-eslint/no-explicit-any)
D:\dev\projects\zonds\zonds\packages\ui\src\atoms\Text\Text.style.ts: line 132, col 40, Error - Unsafe member access .colors on an `any` value. (@typescript-eslint/no-unsafe-member-access)
D:\dev\projects\zonds\zonds\packages\ui\src\atoms\Text\Text.style.ts: line 132, col 76, Warning - Unexpected any. Specify a different type. (@typescript-eslint/no-explicit-any)
D:\dev\projects\zonds\zonds\packages\ui\src\atoms\Text\Text.style.ts: line 132, col 81, Error - Unsafe member access .colors on an `any` value. (@typescript-eslint/no-unsafe-member-access)
D:\dev\projects\zonds\zonds\packages\ui\src\atoms\Text\Text.style.ts: line 134, col 33, Error - Unsafe return of an `any` typed value. (@typescript-eslint/no-unsafe-return)
D:\dev\projects\zonds\zonds\packages\ui\src\atoms\Text\Text.style.ts: line 134, col 43, Warning - Unexpected any. Specify a different type. (@typescript-eslint/no-explicit-any)
D:\dev\projects\zonds\zonds\packages\ui\src\atoms\Text\Text.style.ts: line 134, col 48, Error - Unsafe member access .typography on an `any` value. (@typescript-eslint/no-unsafe-member-access)
D:\dev\projects\zonds\zonds\packages\ui\src\atoms\Typewriter\Typewriter.component.tsx: line 55, col 7, Error - Error: Calling setState synchronously within an effect can trigger cascading renders

Effects are intended to synchronize state between React and external systems such as manually updating the DOM, state management libraries, or other platform APIs. In general, the body of an effect should do one or both of the following:
* Update external systems with the latest state from React.
* Subscribe for updates from some external system, calling setState in a callback function when external state changes.

Calling setState synchronously within an effect body causes cascading renders that can hurt performance, and is not recommended. (https://react.dev/learn/you-might-not-need-an-effect).

D:\dev\projects\zonds\zonds\packages\ui\src\atoms\Typewriter\Typewriter.component.tsx:55:7
  53 |
  54 |     if (subIndex === 0 && isDeleting) {
> 55 |       setIsDeleting(false);
     |       ^^^^^^^^^^^^^ Avoid calling setState() directly within an effect
  56 |       setIndex((prev) => (prev + 1) % phrases.length);
  57 |       return;
  58 |     } (react-hooks/set-state-in-effect)
D:\dev\projects\zonds\zonds\packages\ui\src\context\ToastContext.tsx: line 4, col 1, Error - '../molecules/Toast' import is duplicated. (no-duplicate-imports)
D:\dev\projects\zonds\zonds\packages\ui\src\molecules\CheckboxGroup\CheckboxGroup.component.tsx: line 2, col 1, Error - 'react-hook-form' import is duplicated. (no-duplicate-imports)
D:\dev\projects\zonds\zonds\packages\ui\src\molecules\Collapsible\Collapsible.component.tsx: line 25, col 31, Error - Error: Cannot access refs during render

React refs are values that are not needed for rendering. Refs should only be accessed outside of render, such as in event handlers or effects. Accessing a ref value (the `current` property) during render can cause your component not to update as expected (https://react.dev/reference/react/useRef).

D:\dev\projects\zonds\zonds\packages\ui\src\molecules\Collapsible\Collapsible.component.tsx:25:31
  23 |   };
  24 |
> 25 |   const maxHeight = isOpen && contentRef.current ? contentRef.current.scrollHeight : null;
     |                               ^^^^^^^^^^^^^^^^^^ Cannot access ref value during render
  26 |
  27 |   return (
  28 |     <S.CollapsibleContainer className={className}> (react-hooks/refs)
D:\dev\projects\zonds\zonds\packages\ui\src\molecules\Collapsible\Collapsible.component.tsx: line 38, col 58, Error - Error: Cannot access refs during render

React refs are values that are not needed for rendering. Refs should only be accessed outside of render, such as in event handlers or effects. Accessing a ref value (the `current` property) during render can cause your component not to update as expected (https://react.dev/reference/react/useRef).

D:\dev\projects\zonds\zonds\packages\ui\src\molecules\Collapsible\Collapsible.component.tsx:38:58
  36 |         </span>
  37 |       </S.CollapsibleHeader>
> 38 |       <S.CollapsibleContent $isOpen={isOpen} $maxHeight={maxHeight} ref={contentRef}>
     |                                                          ^^^^^^^^^ Cannot access ref value during render
  39 |         {children}
  40 |       </S.CollapsibleContent>
  41 |     </S.CollapsibleContainer> (react-hooks/refs)
D:\dev\projects\zonds\zonds\packages\ui\src\molecules\Collapsible\Collapsible.style.ts: line 44, col 66, Error - Invalid type "(p: { theme: Theme; }) => any" of template literal expression. (@typescript-eslint/restrict-template-expressions)
D:\dev\projects\zonds\zonds\packages\ui\src\molecules\Collapsible\Collapsible.style.ts: line 44, col 87, Error - Invalid type "(p: { theme: Theme; }) => any" of template literal expression. (@typescript-eslint/restrict-template-expressions)
D:\dev\projects\zonds\zonds\packages\ui\src\molecules\EmptyState\EmptyState.style.ts: line 15, col 12, Error - Invalid type "(p: { theme: Theme; }) => any" of template literal expression. (@typescript-eslint/restrict-template-expressions)
D:\dev\projects\zonds\zonds\packages\ui\src\molecules\EmptyState\EmptyState.style.ts: line 15, col 33, Error - Invalid type "(p: { theme: Theme; }) => any" of template literal expression. (@typescript-eslint/restrict-template-expressions)
D:\dev\projects\zonds\zonds\packages\ui\src\molecules\EmptyState\EmptyState.style.ts: line 16, col 12, Error - Invalid type "(p: { theme: Theme; }) => any" of template literal expression. (@typescript-eslint/restrict-template-expressions)
D:\dev\projects\zonds\zonds\packages\ui\src\molecules\EmptyState\EmptyState.style.ts: line 16, col 33, Error - Invalid type "(p: { theme: Theme; }) => any" of template literal expression. (@typescript-eslint/restrict-template-expressions)
D:\dev\projects\zonds\zonds\packages\ui\src\molecules\IdBadge\IdBadge.component.tsx: line 3, col 1, Error - There should be at least one empty line between import groups (import/order)
D:\dev\projects\zonds\zonds\packages\ui\src\molecules\IdBadge\IdBadge.style.ts: line 14, col 21, Error - Unsafe return of an `any` typed value. (@typescript-eslint/no-unsafe-return)
D:\dev\projects\zonds\zonds\packages\ui\src\molecules\IdBadge\IdBadge.style.ts: line 14, col 33, Warning - Unexpected any. Specify a different type. (@typescript-eslint/no-explicit-any)
D:\dev\projects\zonds\zonds\packages\ui\src\molecules\IdBadge\IdBadge.style.ts: line 14, col 38, Error - Unsafe member access .colors on an `any` value. (@typescript-eslint/no-unsafe-member-access)
D:\dev\projects\zonds\zonds\packages\ui\src\molecules\IdBadge\IdBadge.style.ts: line 21, col 24, Error - Invalid type "(p: { theme: Theme; }) => any" of template literal expression. (@typescript-eslint/restrict-template-expressions)
D:\dev\projects\zonds\zonds\packages\ui\src\molecules\IdBadge\IdBadge.style.ts: line 25, col 24, Error - Invalid type "(p: { theme: Theme; }) => any" of template literal expression. (@typescript-eslint/restrict-template-expressions)
D:\dev\projects\zonds\zonds\packages\ui\src\molecules\IdBadge\IdBadge.style.ts: line 37, col 22, Warning - Unexpected any. Specify a different type. (@typescript-eslint/no-explicit-any)
D:\dev\projects\zonds\zonds\packages\ui\src\molecules\IdBadge\IdBadge.style.ts: line 37, col 30, Error - Unsafe return of an `any` typed value. (@typescript-eslint/no-unsafe-return)
D:\dev\projects\zonds\zonds\packages\ui\src\molecules\IdBadge\IdBadge.style.ts: line 37, col 31, Error - This assertion is unnecessary since it does not change the type of the expression. (@typescript-eslint/no-unnecessary-type-assertion)
D:\dev\projects\zonds\zonds\packages\ui\src\molecules\IdBadge\IdBadge.style.ts: line 37, col 33, Error - Unsafe member access .theme on an `any` value. (@typescript-eslint/no-unsafe-member-access)
D:\dev\projects\zonds\zonds\packages\ui\src\molecules\IdBadge\IdBadge.style.ts: line 37, col 42, Warning - Unexpected any. Specify a different type. (@typescript-eslint/no-explicit-any)
D:\dev\projects\zonds\zonds\packages\ui\src\molecules\IdBadge\IdBadge.style.ts: line 37, col 47, Error - Unsafe member access .colors on an `any` value. (@typescript-eslint/no-unsafe-member-access)
D:\dev\projects\zonds\zonds\packages\ui\src\molecules\IdBadge\IdBadge.style.ts: line 45, col 22, Warning - Unexpected any. Specify a different type. (@typescript-eslint/no-explicit-any)
D:\dev\projects\zonds\zonds\packages\ui\src\molecules\IdBadge\IdBadge.style.ts: line 45, col 30, Error - Unsafe return of an `any` typed value. (@typescript-eslint/no-unsafe-return)
D:\dev\projects\zonds\zonds\packages\ui\src\molecules\IdBadge\IdBadge.style.ts: line 45, col 31, Error - This assertion is unnecessary since it does not change the type of the expression. (@typescript-eslint/no-unnecessary-type-assertion)
D:\dev\projects\zonds\zonds\packages\ui\src\molecules\IdBadge\IdBadge.style.ts: line 45, col 33, Error - Unsafe member access .theme on an `any` value. (@typescript-eslint/no-unsafe-member-access)
D:\dev\projects\zonds\zonds\packages\ui\src\molecules\IdBadge\IdBadge.style.ts: line 45, col 42, Warning - Unexpected any. Specify a different type. (@typescript-eslint/no-explicit-any)
D:\dev\projects\zonds\zonds\packages\ui\src\molecules\IdBadge\IdBadge.style.ts: line 45, col 47, Error - Unsafe member access .colors on an `any` value. (@typescript-eslint/no-unsafe-member-access)
D:\dev\projects\zonds\zonds\packages\ui\src\molecules\ListItem\ListItem.style.ts: line 15, col 59, Error - Unsafe argument of type `any` assigned to a parameter of type `{ theme: Theme; }`. (@typescript-eslint/no-unsafe-argument)
D:\dev\projects\zonds\zonds\packages\ui\src\molecules\ListItem\ListItem.style.ts: line 15, col 68, Warning - Unexpected any. Specify a different type. (@typescript-eslint/no-explicit-any)
D:\dev\projects\zonds\zonds\packages\ui\src\molecules\ListItem\ListItem.style.ts: line 25, col 53, Error - Unsafe argument of type `any` assigned to a parameter of type `{ theme: Theme; }`. (@typescript-eslint/no-unsafe-argument)
D:\dev\projects\zonds\zonds\packages\ui\src\molecules\ListItem\ListItem.style.ts: line 25, col 62, Warning - Unexpected any. Specify a different type. (@typescript-eslint/no-explicit-any)
D:\dev\projects\zonds\zonds\packages\ui\src\molecules\MessageModal\MessageModal.component.tsx: line 73, col 23, Error - Unsafe assignment of an `any` value. (@typescript-eslint/no-unsafe-assignment)
D:\dev\projects\zonds\zonds\packages\ui\src\molecules\MessageModal\MessageModal.component.tsx: line 73, col 35, Warning - Unexpected any. Specify a different type. (@typescript-eslint/no-explicit-any)
D:\dev\projects\zonds\zonds\packages\ui\src\molecules\Popover\Popover.style.ts: line 60, col 29, Error - Invalid type "(p: { theme: Theme; }) => any" of template literal expression. (@typescript-eslint/restrict-template-expressions)
D:\dev\projects\zonds\zonds\packages\ui\src\molecules\Popover\Popover.style.ts: line 66, col 32, Error - Invalid type "(p: { theme: Theme; }) => any" of template literal expression. (@typescript-eslint/restrict-template-expressions)
D:\dev\projects\zonds\zonds\packages\ui\src\molecules\Popover\Popover.style.ts: line 72, col 30, Error - Invalid type "(p: { theme: Theme; }) => any" of template literal expression. (@typescript-eslint/restrict-template-expressions)
D:\dev\projects\zonds\zonds\packages\ui\src\molecules\Popover\Popover.style.ts: line 78, col 31, Error - Invalid type "(p: { theme: Theme; }) => any" of template literal expression. (@typescript-eslint/restrict-template-expressions)
D:\dev\projects\zonds\zonds\packages\ui\src\molecules\QuickActionCard\QuickActionCard.style.ts: line 45, col 41, Warning - Unexpected any. Specify a different type. (@typescript-eslint/no-explicit-any)
D:\dev\projects\zonds\zonds\packages\ui\src\molecules\QuickActionCard\QuickActionCard.style.ts: line 45, col 46, Error - Unsafe member access .colors on an `any` value. (@typescript-eslint/no-unsafe-member-access)
D:\dev\projects\zonds\zonds\packages\ui\src\molecules\QuickActionCard\QuickActionCard.style.ts: line 46, col 48, Error - Unsafe argument of type `any` assigned to a parameter of type `{ theme: Theme; }`. (@typescript-eslint/no-unsafe-argument)
D:\dev\projects\zonds\zonds\packages\ui\src\molecules\QuickActionCard\QuickActionCard.style.ts: line 46, col 57, Warning - Unexpected any. Specify a different type. (@typescript-eslint/no-explicit-any)
D:\dev\projects\zonds\zonds\packages\ui\src\molecules\QuickActionCard\QuickActionCard.style.ts: line 47, col 53, Warning - Unexpected any. Specify a different type. (@typescript-eslint/no-explicit-any)
D:\dev\projects\zonds\zonds\packages\ui\src\molecules\QuickActionCard\QuickActionCard.style.ts: line 47, col 58, Error - Unsafe member access .colors on an `any` value. (@typescript-eslint/no-unsafe-member-access)
D:\dev\projects\zonds\zonds\packages\ui\src\molecules\QuickActionCard\QuickActionCard.style.ts: line 52, col 59, Error - Unsafe argument of type `any` assigned to a parameter of type `{ theme: Theme; }`. (@typescript-eslint/no-unsafe-argument)
D:\dev\projects\zonds\zonds\packages\ui\src\molecules\QuickActionCard\QuickActionCard.style.ts: line 52, col 68, Warning - Unexpected any. Specify a different type. (@typescript-eslint/no-explicit-any)
D:\dev\projects\zonds\zonds\packages\ui\src\molecules\QuickActionCard\QuickActionCard.style.ts: line 53, col 49, Error - Unsafe argument of type `any` assigned to a parameter of type `{ theme: Theme; }`. (@typescript-eslint/no-unsafe-argument)
D:\dev\projects\zonds\zonds\packages\ui\src\molecules\QuickActionCard\QuickActionCard.style.ts: line 53, col 58, Warning - Unexpected any. Specify a different type. (@typescript-eslint/no-explicit-any)
D:\dev\projects\zonds\zonds\packages\ui\src\molecules\QuickActionCard\QuickActionCard.style.ts: line 54, col 66, Error - Unsafe argument of type `any` assigned to a parameter of type `{ theme: Theme; }`. (@typescript-eslint/no-unsafe-argument)
D:\dev\projects\zonds\zonds\packages\ui\src\molecules\QuickActionCard\QuickActionCard.style.ts: line 54, col 75, Warning - Unexpected any. Specify a different type. (@typescript-eslint/no-explicit-any)
D:\dev\projects\zonds\zonds\packages\ui\src\molecules\RadioGroup\RadioGroup.component.tsx: line 2, col 1, Error - 'react-hook-form' import is duplicated. (no-duplicate-imports)
D:\dev\projects\zonds\zonds\packages\ui\src\molecules\SegmentedControl\SegmentedControl.style.ts: line 22, col 5, Error - Unsafe return of an `any` typed value. (@typescript-eslint/no-unsafe-return)
D:\dev\projects\zonds\zonds\packages\ui\src\molecules\SegmentedControl\SegmentedControl.style.ts: line 22, col 58, Error - Unsafe argument of type `any` assigned to a parameter of type `{ theme: Theme; }`. (@typescript-eslint/no-unsafe-argument)
D:\dev\projects\zonds\zonds\packages\ui\src\molecules\SegmentedControl\SegmentedControl.style.ts: line 22, col 67, Warning - Unexpected any. Specify a different type. (@typescript-eslint/no-explicit-any)
D:\dev\projects\zonds\zonds\packages\ui\src\molecules\SegmentedControl\SegmentedControl.style.ts: line 22, col 104, Error - Unsafe argument of type `any` assigned to a parameter of type `{ theme: Theme; }`. (@typescript-eslint/no-unsafe-argument)
D:\dev\projects\zonds\zonds\packages\ui\src\molecules\SegmentedControl\SegmentedControl.style.ts: line 22, col 113, Warning - Unexpected any. Specify a different type. (@typescript-eslint/no-explicit-any)
D:\dev\projects\zonds\zonds\packages\ui\src\molecules\SegmentedControl\SegmentedControl.style.ts: line 35, col 49, Error - Unsafe argument of type `any` assigned to a parameter of type `{ theme: Theme; }`. (@typescript-eslint/no-unsafe-argument)
D:\dev\projects\zonds\zonds\packages\ui\src\molecules\SegmentedControl\SegmentedControl.style.ts: line 35, col 58, Warning - Unexpected any. Specify a different type. (@typescript-eslint/no-explicit-any)
D:\dev\projects\zonds\zonds\packages\ui\src\molecules\SegmentedControl\SegmentedControl.style.ts: line 36, col 41, Error - Unsafe argument of type `any` assigned to a parameter of type `{ theme: Theme; }`. (@typescript-eslint/no-unsafe-argument)
D:\dev\projects\zonds\zonds\packages\ui\src\molecules\SegmentedControl\SegmentedControl.style.ts: line 36, col 50, Warning - Unexpected any. Specify a different type. (@typescript-eslint/no-explicit-any)
D:\dev\projects\zonds\zonds\packages\ui\src\molecules\SegmentedControl\SegmentedControl.style.ts: line 37, col 37, Error - Unsafe argument of type `any` assigned to a parameter of type `{ theme: Theme; }`. (@typescript-eslint/no-unsafe-argument)
D:\dev\projects\zonds\zonds\packages\ui\src\molecules\SegmentedControl\SegmentedControl.style.ts: line 37, col 46, Warning - Unexpected any. Specify a different type. (@typescript-eslint/no-explicit-any)
D:\dev\projects\zonds\zonds\packages\ui\src\molecules\SegmentedControl\SegmentedControl.style.ts: line 41, col 43, Error - Unsafe argument of type `any` assigned to a parameter of type `{ theme: Theme; }`. (@typescript-eslint/no-unsafe-argument)
D:\dev\projects\zonds\zonds\packages\ui\src\molecules\SegmentedControl\SegmentedControl.style.ts: line 41, col 52, Warning - Unexpected any. Specify a different type. (@typescript-eslint/no-explicit-any)
D:\dev\projects\zonds\zonds\packages\ui\src\molecules\SegmentedControl\SegmentedControl.style.ts: line 44, col 43, Error - Unsafe argument of type `any` assigned to a parameter of type `{ theme: Theme; }`. (@typescript-eslint/no-unsafe-argument)
D:\dev\projects\zonds\zonds\packages\ui\src\molecules\SegmentedControl\SegmentedControl.style.ts: line 44, col 52, Warning - Unexpected any. Specify a different type. (@typescript-eslint/no-explicit-any)
D:\dev\projects\zonds\zonds\packages\ui\src\molecules\Select\Select.component.tsx: line 21, col 3, Error - 'id' is defined but never used. Allowed unused args must match /^_/u. (@typescript-eslint/no-unused-vars)
D:\dev\projects\zonds\zonds\packages\ui\src\molecules\Select\Select.component.tsx: line 87, col 15, Error - 'absoluteTop' is assigned a value but never used. Allowed unused vars must match /^_/u. (@typescript-eslint/no-unused-vars)
D:\dev\projects\zonds\zonds\packages\ui\src\molecules\Select\Select.component.tsx: line 234, col 49, Warning - Unexpected any. Specify a different type. (@typescript-eslint/no-explicit-any)
D:\dev\projects\zonds\zonds\packages\ui\src\molecules\Select\Select.component.tsx: line 234, col 62, Error - Unsafe assignment of an `any` value. (@typescript-eslint/no-unsafe-assignment)
D:\dev\projects\zonds\zonds\packages\ui\src\molecules\Select\Select.component.tsx: line 234, col 71, Warning - Unexpected any. Specify a different type. (@typescript-eslint/no-explicit-any)
D:\dev\projects\zonds\zonds\packages\ui\src\molecules\Select\Select.component.tsx: line 234, col 76, Error - Unsafe member access .value on an `any` value. (@typescript-eslint/no-unsafe-member-access)
D:\dev\projects\zonds\zonds\packages\ui\src\molecules\Select\Select.component.tsx: line 234, col 93, Error - Unsafe assignment of an `any` value. (@typescript-eslint/no-unsafe-assignment)
D:\dev\projects\zonds\zonds\packages\ui\src\molecules\Select\Select.component.tsx: line 234, col 102, Warning - Unexpected any. Specify a different type. (@typescript-eslint/no-explicit-any)
D:\dev\projects\zonds\zonds\packages\ui\src\molecules\Select\Select.component.tsx: line 234, col 107, Error - Unsafe member access .onChange on an `any` value. (@typescript-eslint/no-unsafe-member-access)
D:\dev\projects\zonds\zonds\packages\ui\src\molecules\Select\Select.component.tsx: line 239, col 13, Error - Unsafe assignment of an `any` value. (@typescript-eslint/no-unsafe-assignment)
D:\dev\projects\zonds\zonds\packages\ui\src\molecules\Select\Select.component.tsx: line 239, col 21, Warning - Unexpected any. Specify a different type. (@typescript-eslint/no-explicit-any)
D:\dev\projects\zonds\zonds\packages\ui\src\molecules\Select\Select.style.ts: line 111, col 24, Error - Invalid type "(p: { theme: Theme; }) => any" of template literal expression. (@typescript-eslint/restrict-template-expressions)
D:\dev\projects\zonds\zonds\packages\ui\src\molecules\Select\Select.style.ts: line 118, col 22, Error - Invalid type "(p: { theme: Theme; }) => any" of template literal expression. (@typescript-eslint/restrict-template-expressions)
D:\dev\projects\zonds\zonds\packages\ui\src\molecules\StatusBadge\StatusBadge.style.ts: line 6, col 1, Error - './StatusBadge.types' import is duplicated. (no-duplicate-imports)
D:\dev\projects\zonds\zonds\packages\ui\src\molecules\StatusBadge\StatusBadge.style.ts: line 13, col 22, Error - Invalid type "(p: { theme: Theme; }) => any" of template literal expression. (@typescript-eslint/restrict-template-expressions)
D:\dev\projects\zonds\zonds\packages\ui\src\molecules\StatusBadge\StatusBadge.style.ts: line 18, col 22, Error - Invalid type "(p: { theme: Theme; }) => any" of template literal expression. (@typescript-eslint/restrict-template-expressions)
D:\dev\projects\zonds\zonds\packages\ui\src\molecules\StatusBadge\StatusBadge.style.ts: line 24, col 22, Error - Invalid type "(p: { theme: Theme; }) => any" of template literal expression. (@typescript-eslint/restrict-template-expressions)
D:\dev\projects\zonds\zonds\packages\ui\src\molecules\Stepper\Stepper.style.ts: line 37, col 62, Error - Unsafe argument of type `any` assigned to a parameter of type `{ theme: Theme; }`. (@typescript-eslint/no-unsafe-argument)
D:\dev\projects\zonds\zonds\packages\ui\src\molecules\Stepper\Stepper.style.ts: line 37, col 71, Warning - Unexpected any. Specify a different type. (@typescript-eslint/no-explicit-any)
D:\dev\projects\zonds\zonds\packages\ui\src\molecules\Stepper\Stepper.style.ts: line 39, col 59, Error - Unsafe argument of type `any` assigned to a parameter of type `{ theme: Theme; }`. (@typescript-eslint/no-unsafe-argument)
D:\dev\projects\zonds\zonds\packages\ui\src\molecules\Stepper\Stepper.style.ts: line 39, col 68, Warning - Unexpected any. Specify a different type. (@typescript-eslint/no-explicit-any)
D:\dev\projects\zonds\zonds\packages\ui\src\molecules\Stepper\Stepper.style.ts: line 41, col 65, Error - Unsafe argument of type `any` assigned to a parameter of type `{ theme: Theme; }`. (@typescript-eslint/no-unsafe-argument)
D:\dev\projects\zonds\zonds\packages\ui\src\molecules\Stepper\Stepper.style.ts: line 41, col 74, Warning - Unexpected any. Specify a different type. (@typescript-eslint/no-explicit-any)
D:\dev\projects\zonds\zonds\packages\ui\src\molecules\Stepper\Stepper.style.ts: line 41, col 118, Error - Unsafe argument of type `any` assigned to a parameter of type `{ theme: Theme; }`. (@typescript-eslint/no-unsafe-argument)
D:\dev\projects\zonds\zonds\packages\ui\src\molecules\Stepper\Stepper.style.ts: line 41, col 127, Warning - Unexpected any. Specify a different type. (@typescript-eslint/no-explicit-any)
D:\dev\projects\zonds\zonds\packages\ui\src\molecules\Stepper\Stepper.style.ts: line 41, col 189, Error - Unsafe argument of type `any` assigned to a parameter of type `{ theme: Theme; }`. (@typescript-eslint/no-unsafe-argument)
D:\dev\projects\zonds\zonds\packages\ui\src\molecules\Stepper\Stepper.style.ts: line 41, col 198, Warning - Unexpected any. Specify a different type. (@typescript-eslint/no-explicit-any)
D:\dev\projects\zonds\zonds\packages\ui\src\molecules\Stepper\Stepper.style.ts: line 49, col 98, Error - Unsafe argument of type `any` assigned to a parameter of type `{ theme: Theme; }`. (@typescript-eslint/no-unsafe-argument)
D:\dev\projects\zonds\zonds\packages\ui\src\molecules\Stepper\Stepper.style.ts: line 49, col 107, Warning - Unexpected any. Specify a different type. (@typescript-eslint/no-explicit-any)
D:\dev\projects\zonds\zonds\packages\ui\src\molecules\Stepper\Stepper.style.ts: line 49, col 143, Error - Unsafe argument of type `any` assigned to a parameter of type `{ theme: Theme; }`. (@typescript-eslint/no-unsafe-argument)
D:\dev\projects\zonds\zonds\packages\ui\src\molecules\Stepper\Stepper.style.ts: line 49, col 152, Warning - Unexpected any. Specify a different type. (@typescript-eslint/no-explicit-any)
D:\dev\projects\zonds\zonds\packages\ui\src\molecules\Stepper\Stepper.style.ts: line 50, col 108, Error - Unsafe argument of type `any` assigned to a parameter of type `{ theme: Theme; }`. (@typescript-eslint/no-unsafe-argument)
D:\dev\projects\zonds\zonds\packages\ui\src\molecules\Stepper\Stepper.style.ts: line 50, col 117, Warning - Unexpected any. Specify a different type. (@typescript-eslint/no-explicit-any)
D:\dev\projects\zonds\zonds\packages\ui\src\molecules\Stepper\Stepper.style.ts: line 50, col 153, Error - Unsafe argument of type `any` assigned to a parameter of type `{ theme: Theme; }`. (@typescript-eslint/no-unsafe-argument)
D:\dev\projects\zonds\zonds\packages\ui\src\molecules\Stepper\Stepper.style.ts: line 50, col 162, Warning - Unexpected any. Specify a different type. (@typescript-eslint/no-explicit-any)
D:\dev\projects\zonds\zonds\packages\ui\src\molecules\Stepper\Stepper.types.ts: line 1, col 8, Error - 'React' is defined but never used. Allowed unused vars must match /^_/u. (@typescript-eslint/no-unused-vars)
D:\dev\projects\zonds\zonds\packages\ui\src\molecules\Table\Table.component.tsx: line 11, col 48, Warning - Unexpected any. Specify a different type. (@typescript-eslint/no-explicit-any)
D:\dev\projects\zonds\zonds\packages\ui\src\molecules\Table\Table.types.ts: line 1, col 34, Warning - Unexpected any. Specify a different type. (@typescript-eslint/no-explicit-any)
D:\dev\projects\zonds\zonds\packages\ui\src\molecules\Table\Table.types.ts: line 5, col 20, Warning - Unexpected any. Specify a different type. (@typescript-eslint/no-explicit-any)
D:\dev\projects\zonds\zonds\packages\ui\src\molecules\Table\Table.types.ts: line 11, col 33, Warning - Unexpected any. Specify a different type. (@typescript-eslint/no-explicit-any)
D:\dev\projects\zonds\zonds\packages\ui\src\molecules\Table\Table.types.ts: line 17, col 33, Warning - Unexpected any. Specify a different type. (@typescript-eslint/no-explicit-any)
D:\dev\projects\zonds\zonds\packages\ui\src\molecules\TextInput\TextInput.component.tsx: line 9, col 59, Warning - Unexpected any. Specify a different type. (@typescript-eslint/no-explicit-any)
D:\dev\projects\zonds\zonds\packages\ui\src\molecules\TextInput\TextInput.component.tsx: line 23, col 5, Error - 'onPressIcon' is assigned a value but never used. Allowed unused vars must match /^_/u. (@typescript-eslint/no-unused-vars)
D:\dev\projects\zonds\zonds\packages\ui\src\molecules\TextInput\TextInput.component.tsx: line 33, col 9, Error - Unsafe assignment of an `any` value. (@typescript-eslint/no-unsafe-assignment)
D:\dev\projects\zonds\zonds\packages\ui\src\molecules\TextInput\TextInput.component.tsx: line 34, col 9, Error - Unsafe assignment of an `any` value. (@typescript-eslint/no-unsafe-assignment)
D:\dev\projects\zonds\zonds\packages\ui\src\molecules\TextInput\TextInput.component.tsx: line 41, col 5, Error - Unsafe call of an `any` typed value. (@typescript-eslint/no-unsafe-call)
D:\dev\projects\zonds\zonds\packages\ui\src\molecules\TextInput\TextInput.component.tsx: line 41, col 11, Error - Unsafe member access .onFocus on an `any` value. (@typescript-eslint/no-unsafe-member-access)
D:\dev\projects\zonds\zonds\packages\ui\src\molecules\TextInput\TextInput.component.tsx: line 46, col 5, Error - Unsafe call of an `any` typed value. (@typescript-eslint/no-unsafe-call)
D:\dev\projects\zonds\zonds\packages\ui\src\molecules\TextInput\TextInput.component.tsx: line 46, col 11, Error - Unsafe member access .onBlur on an `any` value. (@typescript-eslint/no-unsafe-member-access)
D:\dev\projects\zonds\zonds\packages\ui\src\molecules\TextInput\TextInput.component.tsx: line 53, col 26, Error - Unsafe member access .value on an `any` value. (@typescript-eslint/no-unsafe-member-access)
D:\dev\projects\zonds\zonds\packages\ui\src\molecules\TextInput\TextInput.component.tsx: line 53, col 55, Error - Unsafe member access .value on an `any` value. (@typescript-eslint/no-unsafe-member-access)
D:\dev\projects\zonds\zonds\packages\ui\src\molecules\TextInput\TextInput.component.tsx: line 53, col 79, Error - Unsafe member access .value on an `any` value. (@typescript-eslint/no-unsafe-member-access)
D:\dev\projects\zonds\zonds\packages\ui\src\molecules\TextInput\TextInput.component.tsx: line 56, col 30, Error - Unsafe assignment of an `any` value. (@typescript-eslint/no-unsafe-assignment)
D:\dev\projects\zonds\zonds\packages\ui\src\molecules\TextInput\TextInput.component.tsx: line 61, col 21, Error - Unsafe assignment of an `any` value. (@typescript-eslint/no-unsafe-assignment)
D:\dev\projects\zonds\zonds\packages\ui\src\molecules\TextInput\TextInput.component.tsx: line 62, col 16, Error - Unsafe assignment of an `any` value. (@typescript-eslint/no-unsafe-assignment)
D:\dev\projects\zonds\zonds\packages\ui\src\molecules\TextInput\TextInput.component.tsx: line 66, col 52, Error - Unsafe assignment of an `any` value. (@typescript-eslint/no-unsafe-assignment)
D:\dev\projects\zonds\zonds\packages\ui\src\molecules\TextInput\TextInput.component.tsx: line 67, col 25, Error - Unsafe assignment of an `any` value. (@typescript-eslint/no-unsafe-assignment)
D:\dev\projects\zonds\zonds\packages\ui\src\molecules\TextInput\TextInput.component.tsx: line 75, col 15, Error - Unsafe assignment of an `any` value. (@typescript-eslint/no-unsafe-assignment)
D:\dev\projects\zonds\zonds\packages\ui\src\molecules\TextInput\TextInput.component.tsx: line 76, col 17, Error - Unsafe assignment of an `any` value. (@typescript-eslint/no-unsafe-assignment)
D:\dev\projects\zonds\zonds\packages\ui\src\molecules\TextInput\TextInput.component.tsx: line 77, col 21, Error - Unsafe assignment of an `any` value. (@typescript-eslint/no-unsafe-assignment)
D:\dev\projects\zonds\zonds\packages\ui\src\molecules\TextInput\TextInput.component.tsx: line 78, col 22, Error - Unsafe assignment of an `any` value. (@typescript-eslint/no-unsafe-assignment)
D:\dev\projects\zonds\zonds\packages\ui\src\molecules\TextInput\TextInput.component.tsx: line 79, col 22, Error - Unsafe assignment of an `any` value. (@typescript-eslint/no-unsafe-assignment)
D:\dev\projects\zonds\zonds\packages\ui\src\molecules\TextInput\TextInput.component.tsx: line 80, col 25, Error - Unsafe assignment of an `any` value. (@typescript-eslint/no-unsafe-assignment)
D:\dev\projects\zonds\zonds\packages\ui\src\molecules\TextInput\TextInput.component.tsx: line 86, col 18, Error - Unsafe assignment of an `any` value. (@typescript-eslint/no-unsafe-assignment)
D:\dev\projects\zonds\zonds\packages\ui\src\molecules\TextInput\TextInput.component.tsx: line 87, col 18, Error - Unsafe assignment of an `any` value. (@typescript-eslint/no-unsafe-assignment)
D:\dev\projects\zonds\zonds\packages\ui\src\molecules\TextInput\TextInput.component.tsx: line 87, col 24, Error - Unsafe member access .value on an `any` value. (@typescript-eslint/no-unsafe-member-access)
D:\dev\projects\zonds\zonds\packages\ui\src\molecules\TextInput\TextInput.component.tsx: line 92, col 22, Error - Unsafe assignment of an `any` value. (@typescript-eslint/no-unsafe-assignment)
D:\dev\projects\zonds\zonds\packages\ui\src\molecules\TextInput\TextInput.component.tsx: line 98, col 20, Error - Unsafe assignment of an `any` value. (@typescript-eslint/no-unsafe-assignment)
D:\dev\projects\zonds\zonds\packages\ui\src\molecules\TextInput\TextInput.component.tsx: line 105, col 53, Error - Unsafe assignment of an `any` value. (@typescript-eslint/no-unsafe-assignment)
D:\dev\projects\zonds\zonds\packages\ui\src\molecules\TextInput\TextInput.component.tsx: line 106, col 25, Error - Unsafe assignment of an `any` value. (@typescript-eslint/no-unsafe-assignment)
D:\dev\projects\zonds\zonds\packages\ui\src\molecules\TextInput\TextInput.component.tsx: line 111, col 53, Error - Unsafe assignment of an `any` value. (@typescript-eslint/no-unsafe-assignment)
D:\dev\projects\zonds\zonds\packages\ui\src\molecules\TextInput\TextInput.component.tsx: line 119, col 27, Error - Unsafe assignment of an `any` value. (@typescript-eslint/no-unsafe-assignment)
D:\dev\projects\zonds\zonds\packages\ui\src\molecules\TextInput\TextInput.component.tsx: line 125, col 53, Error - Unsafe assignment of an `any` value. (@typescript-eslint/no-unsafe-assignment)
D:\dev\projects\zonds\zonds\packages\ui\src\molecules\TextInput\TextInput.component.tsx: line 131, col 37, Error - Unsafe member access .message on an `any` value. (@typescript-eslint/no-unsafe-member-access)
D:\dev\projects\zonds\zonds\packages\ui\src\molecules\TextInput\TextInput.component.tsx: line 141, col 11, Error - Unsafe array destructuring of a tuple element with an `any` value. (@typescript-eslint/no-unsafe-assignment)
D:\dev\projects\zonds\zonds\packages\ui\src\molecules\TextInput\TextInput.component.tsx: line 146, col 7, Error - Unsafe assignment of an `any` value. (@typescript-eslint/no-unsafe-assignment)
D:\dev\projects\zonds\zonds\packages\ui\src\molecules\TextInput\TextInput.component.tsx: line 147, col 7, Error - Unsafe assignment of an `any` value. (@typescript-eslint/no-unsafe-assignment)
D:\dev\projects\zonds\zonds\packages\ui\src\molecules\TextInput\TextInput.component.tsx: line 147, col 24, Warning - Unexpected any. Specify a different type. (@typescript-eslint/no-explicit-any)
D:\dev\projects\zonds\zonds\packages\ui\src\molecules\TextInput\TextInput.component.tsx: line 147, col 29, Error - Unsafe member access .value on an `any` value. (@typescript-eslint/no-unsafe-member-access)
D:\dev\projects\zonds\zonds\packages\ui\src\molecules\TextInput\TextInput.component.tsx: line 148, col 7, Error - Unsafe assignment of an `any` value. (@typescript-eslint/no-unsafe-assignment)
D:\dev\projects\zonds\zonds\packages\ui\src\molecules\TextInput\TextInput.component.tsx: line 148, col 27, Warning - Unexpected any. Specify a different type. (@typescript-eslint/no-explicit-any)
D:\dev\projects\zonds\zonds\packages\ui\src\molecules\TextInput\TextInput.component.tsx: line 148, col 32, Error - Unsafe member access .onChange on an `any` value. (@typescript-eslint/no-unsafe-member-access)
D:\dev\projects\zonds\zonds\packages\ui\src\molecules\TextInput\TextInput.component.tsx: line 149, col 7, Error - Unsafe assignment of an `any` value. (@typescript-eslint/no-unsafe-assignment)
D:\dev\projects\zonds\zonds\packages\ui\src\molecules\TextInput\TextInput.component.tsx: line 149, col 25, Warning - Unexpected any. Specify a different type. (@typescript-eslint/no-explicit-any)
D:\dev\projects\zonds\zonds\packages\ui\src\molecules\TextInput\TextInput.component.tsx: line 149, col 30, Error - Unsafe member access .onBlur on an `any` value. (@typescript-eslint/no-unsafe-member-access)
D:\dev\projects\zonds\zonds\packages\ui\src\molecules\TextInput\TextInput.component.tsx: line 156, col 13, Error - Unsafe assignment of an `any` value. (@typescript-eslint/no-unsafe-assignment)
D:\dev\projects\zonds\zonds\packages\ui\src\molecules\TextInput\TextInput.style.ts: line 91, col 24, Error - Invalid type "(p: { theme: Theme; }) => any" of template literal expression. (@typescript-eslint/restrict-template-expressions)
D:\dev\projects\zonds\zonds\packages\ui\src\molecules\TextInput\TextInput.style.ts: line 98, col 22, Error - Invalid type "(p: { theme: Theme; }) => any" of template literal expression. (@typescript-eslint/restrict-template-expressions)
D:\dev\projects\zonds\zonds\packages\ui\src\molecules\TextInput\TextInput.types.ts: line 9, col 9, Warning - Unexpected any. Specify a different type. (@typescript-eslint/no-explicit-any)
D:\dev\projects\zonds\zonds\packages\ui\src\molecules\Toast\Toast.component.tsx: line 31, col 21, Error - Unsafe assignment of an `any` value. (@typescript-eslint/no-unsafe-assignment)
D:\dev\projects\zonds\zonds\packages\ui\src\molecules\Toast\Toast.component.tsx: line 31, col 47, Warning - Unexpected any. Specify a different type. (@typescript-eslint/no-explicit-any)
D:\dev\projects\zonds\zonds\packages\ui\src\molecules\Toast\Toast.style.ts: line 22, col 15, Warning - Unexpected any. Specify a different type. (@typescript-eslint/no-explicit-any)
D:\dev\projects\zonds\zonds\packages\ui\src\molecules\Toast\Toast.style.ts: line 22, col 23, Error - Unsafe return of an `any` typed value. (@typescript-eslint/no-unsafe-return)
D:\dev\projects\zonds\zonds\packages\ui\src\molecules\Toast\Toast.style.ts: line 22, col 25, Error - Unsafe member access .theme on an `any` value. (@typescript-eslint/no-unsafe-member-access)
D:\dev\projects\zonds\zonds\packages\ui\src\molecules\Toast\Toast.style.ts: line 23, col 19, Warning - Unexpected any. Specify a different type. (@typescript-eslint/no-explicit-any)
D:\dev\projects\zonds\zonds\packages\ui\src\molecules\Toast\Toast.style.ts: line 23, col 27, Error - Unsafe return of an `any` typed value. (@typescript-eslint/no-unsafe-return)
D:\dev\projects\zonds\zonds\packages\ui\src\molecules\Toast\Toast.style.ts: line 23, col 29, Error - Unsafe member access .theme on an `any` value. (@typescript-eslint/no-unsafe-member-access)
D:\dev\projects\zonds\zonds\packages\ui\src\molecules\Toast\Toast.style.ts: line 24, col 17, Warning - Unexpected any. Specify a different type. (@typescript-eslint/no-explicit-any)
D:\dev\projects\zonds\zonds\packages\ui\src\molecules\Toast\Toast.style.ts: line 24, col 25, Error - Unsafe return of an `any` typed value. (@typescript-eslint/no-unsafe-return)
D:\dev\projects\zonds\zonds\packages\ui\src\molecules\Toast\Toast.style.ts: line 24, col 27, Error - Unsafe member access .theme on an `any` value. (@typescript-eslint/no-unsafe-member-access)
D:\dev\projects\zonds\zonds\packages\ui\src\molecules\Toast\Toast.style.ts: line 27, col 15, Warning - Unexpected any. Specify a different type. (@typescript-eslint/no-explicit-any)
D:\dev\projects\zonds\zonds\packages\ui\src\molecules\Toast\Toast.style.ts: line 27, col 23, Error - Unsafe return of an `any` typed value. (@typescript-eslint/no-unsafe-return)
D:\dev\projects\zonds\zonds\packages\ui\src\molecules\Toast\Toast.style.ts: line 27, col 25, Error - Unsafe member access .theme on an `any` value. (@typescript-eslint/no-unsafe-member-access)
D:\dev\projects\zonds\zonds\packages\ui\src\molecules\Toast\Toast.style.ts: line 28, col 19, Warning - Unexpected any. Specify a different type. (@typescript-eslint/no-explicit-any)
D:\dev\projects\zonds\zonds\packages\ui\src\molecules\Toast\Toast.style.ts: line 28, col 27, Error - Unsafe return of an `any` typed value. (@typescript-eslint/no-unsafe-return)
D:\dev\projects\zonds\zonds\packages\ui\src\molecules\Toast\Toast.style.ts: line 28, col 29, Error - Unsafe member access .theme on an `any` value. (@typescript-eslint/no-unsafe-member-access)
D:\dev\projects\zonds\zonds\packages\ui\src\molecules\Toast\Toast.style.ts: line 29, col 17, Warning - Unexpected any. Specify a different type. (@typescript-eslint/no-explicit-any)
D:\dev\projects\zonds\zonds\packages\ui\src\molecules\Toast\Toast.style.ts: line 29, col 25, Error - Unsafe return of an `any` typed value. (@typescript-eslint/no-unsafe-return)
D:\dev\projects\zonds\zonds\packages\ui\src\molecules\Toast\Toast.style.ts: line 29, col 27, Error - Unsafe member access .theme on an `any` value. (@typescript-eslint/no-unsafe-member-access)
D:\dev\projects\zonds\zonds\packages\ui\src\molecules\Toast\Toast.style.ts: line 32, col 15, Warning - Unexpected any. Specify a different type. (@typescript-eslint/no-explicit-any)
D:\dev\projects\zonds\zonds\packages\ui\src\molecules\Toast\Toast.style.ts: line 32, col 23, Error - Unsafe return of an `any` typed value. (@typescript-eslint/no-unsafe-return)
D:\dev\projects\zonds\zonds\packages\ui\src\molecules\Toast\Toast.style.ts: line 32, col 25, Error - Unsafe member access .theme on an `any` value. (@typescript-eslint/no-unsafe-member-access)
D:\dev\projects\zonds\zonds\packages\ui\src\molecules\Toast\Toast.style.ts: line 33, col 19, Warning - Unexpected any. Specify a different type. (@typescript-eslint/no-explicit-any)
D:\dev\projects\zonds\zonds\packages\ui\src\molecules\Toast\Toast.style.ts: line 33, col 27, Error - Unsafe return of an `any` typed value. (@typescript-eslint/no-unsafe-return)
D:\dev\projects\zonds\zonds\packages\ui\src\molecules\Toast\Toast.style.ts: line 33, col 29, Error - Unsafe member access .theme on an `any` value. (@typescript-eslint/no-unsafe-member-access)
D:\dev\projects\zonds\zonds\packages\ui\src\molecules\Toast\Toast.style.ts: line 34, col 17, Warning - Unexpected any. Specify a different type. (@typescript-eslint/no-explicit-any)
D:\dev\projects\zonds\zonds\packages\ui\src\molecules\Toast\Toast.style.ts: line 34, col 25, Error - Unsafe return of an `any` typed value. (@typescript-eslint/no-unsafe-return)
D:\dev\projects\zonds\zonds\packages\ui\src\molecules\Toast\Toast.style.ts: line 34, col 27, Error - Unsafe member access .theme on an `any` value. (@typescript-eslint/no-unsafe-member-access)
D:\dev\projects\zonds\zonds\packages\ui\src\molecules\Toast\Toast.style.ts: line 37, col 15, Warning - Unexpected any. Specify a different type. (@typescript-eslint/no-explicit-any)
D:\dev\projects\zonds\zonds\packages\ui\src\molecules\Toast\Toast.style.ts: line 37, col 23, Error - Unsafe return of an `any` typed value. (@typescript-eslint/no-unsafe-return)
D:\dev\projects\zonds\zonds\packages\ui\src\molecules\Toast\Toast.style.ts: line 37, col 25, Error - Unsafe member access .theme on an `any` value. (@typescript-eslint/no-unsafe-member-access)
D:\dev\projects\zonds\zonds\packages\ui\src\molecules\Toast\Toast.style.ts: line 38, col 19, Warning - Unexpected any. Specify a different type. (@typescript-eslint/no-explicit-any)
D:\dev\projects\zonds\zonds\packages\ui\src\molecules\Toast\Toast.style.ts: line 38, col 27, Error - Unsafe return of an `any` typed value. (@typescript-eslint/no-unsafe-return)
D:\dev\projects\zonds\zonds\packages\ui\src\molecules\Toast\Toast.style.ts: line 38, col 29, Error - Unsafe member access .theme on an `any` value. (@typescript-eslint/no-unsafe-member-access)
D:\dev\projects\zonds\zonds\packages\ui\src\molecules\Toast\Toast.style.ts: line 39, col 17, Warning - Unexpected any. Specify a different type. (@typescript-eslint/no-explicit-any)
D:\dev\projects\zonds\zonds\packages\ui\src\molecules\Toast\Toast.style.ts: line 39, col 25, Error - Unsafe return of an `any` typed value. (@typescript-eslint/no-unsafe-return)
D:\dev\projects\zonds\zonds\packages\ui\src\molecules\Toast\Toast.style.ts: line 39, col 27, Error - Unsafe member access .theme on an `any` value. (@typescript-eslint/no-unsafe-member-access)
D:\dev\projects\zonds\zonds\packages\ui\src\molecules\Toast\Toast.style.ts: line 51, col 40, Error - Unsafe return of an `any` typed value. (@typescript-eslint/no-unsafe-return)
D:\dev\projects\zonds\zonds\packages\ui\src\molecules\Toast\Toast.style.ts: line 52, col 28, Error - Unsafe return of an `any` typed value. (@typescript-eslint/no-unsafe-return)
D:\dev\projects\zonds\zonds\packages\ui\src\molecules\Toast\Toast.style.ts: line 63, col 23, Error - Unsafe return of an `any` typed value. (@typescript-eslint/no-unsafe-return)
D:\dev\projects\zonds\zonds\packages\ui\src\molecules\Toast\Toast.types.ts: line 1, col 8, Error - 'React' is defined but never used. Allowed unused vars must match /^_/u. (@typescript-eslint/no-unused-vars)
D:\dev\projects\zonds\zonds\packages\ui\src\theme\tkn.ts: line 109, col 9, Error - Unsafe assignment of an `any` value. (@typescript-eslint/no-unsafe-assignment)
D:\dev\projects\zonds\zonds\packages\ui\src\theme\tkn.ts: line 109, col 46, Warning - Unexpected any. Specify a different type. (@typescript-eslint/no-explicit-any)
D:\dev\projects\zonds\zonds\packages\ui\src\theme\tkn.ts: line 109, col 59, Error - Unsafe return of an `any` typed value. (@typescript-eslint/no-unsafe-return)
D:\dev\projects\zonds\zonds\packages\ui\src\theme\tkn.ts: line 109, col 70, Error - Unsafe member access [key] on an `any` value. (@typescript-eslint/no-unsafe-member-access)
D:\dev\projects\zonds\zonds\packages\ui\src\theme\tkn.ts: line 116, col 3, Error - Unsafe return of an `any` typed value. (@typescript-eslint/no-unsafe-return)

348 problems
